// Jest Snapshot v1, https://goo.gl/fbAQLP

exports[`<Footer /> rendering should render without crashing 1`] = `
<footer
  className="footer"
>
  <div
    className="container-fluid"
  >
    <div
      className="level level"
    >
      <div
        className="level-left"
      >
        <div
          className="level-item"
        >
          © 2020 
          <span>
              CreateThrive
          </span>
        </div>
      </div>
      <div
        className="level-right levelRight"
      >
        <div
          className="level-item"
        >
          <div
            className="logo"
          >
            <a
              href="https://createthrive.com"
            >
              <img
                alt="CreateThrive.com"
                src="https://createthrive.com/assets/logos/Logo-CT.svg"
              />
            </a>
          </div>
        </div>
      </div>
    </div>
  </div>
</footer>
`;
