// Jest Snapshot v1, https://goo.gl/fbAQLP

exports[`<Teams /> rendering should render without crashing 1`] = `
<DocumentFragment>
  <section
    class="hero is-hero-bar"
  >
    <div
      class="hero-body"
    >
      <div
        class="level"
      >
        <div
          class="level-left"
        >
          <div
            class="level-item"
          >
            <h1
              class="title"
            >
              Teams
            </h1>
          </div>
        </div>
      </div>
    </div>
  </section>
  <section
    class="section is-main-section"
  >
    <div
      class="columns"
    >
      <div
        class="column"
      >
        <div
          class="card has-height-medium"
        >
          <header
            class="card-header"
          >
            <p
              class="card-header-title"
            >
              <span
                class="icon"
              >
                <i
                  class="mdi mdi-account-group default"
                />
              </span>
              <span>
                Available teams
              </span>
            </p>
            <button
              class="button"
              type="button"
            >
              <span
                class="icon"
              >
                <i
                  class="mdi mdi-account-multiple-plus default"
                />
              </span>
              <span>
                Add Team
              </span>
            </button>
          </header>
          <div>
            <div
              class="field-body"
              style="padding: 0.5rem 0.25rem;"
            >
              <div
                class="field"
              >
                <div
                  class="control is-expanded"
                >
                  <input
                    class="input search"
                    placeholder="Search by name"
                    style="height: 38px;"
                    type="text"
                    value=""
                  />
                </div>
              </div>
              <div
                class="field"
              >
                <div
                  class="control is-expanded"
                >
                  <div
                    style="min-width: 220px;"
                  />
                </div>
              </div>
            </div>
          </div>
          <div
            class="card-content ps ps--active-y"
            style="padding: 0px 1.5rem; overflow: auto; max-height: 700px;"
          >
            <div
              class="media-list"
            >
              <div
                class="media"
                data-testid="media"
                style="margin-top: auto; margin-bottom: auto; padding-bottom: 1rem; cursor: pointer;"
              >
                <figure
                  class="media-left"
                >
                  <p
                    class="image is-64x64"
                  >
                    <img
                      alt="Profile logo preview"
                      class="is-rounded"
                      src="team-default-log.png"
                    />
                  </p>
                </figure>
                <div
                  class="media-content"
                >
                  <div
                    class="content"
                  >
                    <p
                      class="media-meta"
                    >
                      <strong>
                        testTeam
                      </strong>
                       
                    </p>
                    <p />
                  </div>
                </div>
                <div
                  class="media-right"
                >
                  <div
                    class="field is-grouped is-grouped-multiline"
                  >
                    <div
                      class="control"
                    >
                      <span
                        class="icon has-text-info"
                        data-testid="modify"
                        style="cursor: pointer;"
                      >
                        <i
                          class="mdi mdi-pencil"
                        />
                      </span>
                    </div>
                    <div
                      class="control"
                    >
                      <span
                        class="icon has-text-danger"
                        data-testid="delete"
                        style="cursor: pointer;"
                      >
                        <i
                          class="mdi mdi-cancel"
                        />
                      </span>
                    </div>
                  </div>
                </div>
              </div>
            </div>
          </div>
        </div>
      </div>
      <div
        class="column"
      >
        <div
          class="card has-height-medium"
        >
          <header
            class="card-header"
          >
            <p
              class="card-header-title"
            >
              <span
                class="icon"
              >
                <i
                  class="mdi mdi-account-supervisor default"
                />
              </span>
              <span>
                Team users
              </span>
            </p>
          </header>
          <div>
            <div
              class="field-body"
              style="padding: 0.5rem 0.25rem;"
            >
              <div
                class="field"
              >
                <div
                  class="control is-expanded"
                >
                  <input
                    class="input search"
                    placeholder="Search by name"
                    style="height: 38px;"
                    type="text"
                    value=""
                  />
                </div>
              </div>
              <div
                class="field"
              >
                <div
                  class="control is-expanded"
                >
                  <div
                    style="min-width: 220px;"
                  >
                    <div
                      class=" css-2b097c-container"
                    >
                      <div
                        class=" css-spersy-control"
                      >
                        <div
                          class=" css-g1d714-ValueContainer"
                        >
                          <div
                            class=" css-1wa3eu0-placeholder"
                          >
                            Add User
                          </div>
                          <div
                            class="css-b8ldur-Input"
                          >
                            <div
                              class=""
                              style="display: inline-block;"
                            >
                              <input
                                aria-autocomplete="list"
                                autocapitalize="none"
                                autocomplete="off"
                                autocorrect="off"
                                id="react-select-2-input"
                                spellcheck="false"
                                style="box-sizing: content-box; width: 2px; border: 0px; font-size: inherit; opacity: 1; outline: 0; padding: 0px;"
                                tabindex="0"
                                type="text"
                                value=""
                              />
                              <div
                                style="position: absolute; top: 0px; left: 0px; visibility: hidden; height: 0px; overflow: scroll; white-space: pre; font-size: inherit; font-family: -webkit-small-control; letter-spacing: normal; text-transform: none;"
                              />
                            </div>
                          </div>
                        </div>
                        <div
                          class=" css-1hb7zxy-IndicatorsContainer"
                        >
                          <span
                            class=" css-1okebmr-indicatorSeparator"
                          />
                          <div
                            aria-hidden="true"
                            class=" css-tlfecz-indicatorContainer"
                          >
                            <svg
                              aria-hidden="true"
                              class="css-6q0nyr-Svg"
                              focusable="false"
                              height="20"
                              viewBox="0 0 20 20"
                              width="20"
                            >
                              <path
                                d="M4.516 7.548c0.436-0.446 1.043-0.481 1.576 0l3.908 3.747 3.908-3.747c0.533-0.481 1.141-0.446 1.574 0 0.436 0.445 0.408 1.197 0 1.615-0.406 0.418-4.695 4.502-4.695 4.502-0.217 0.223-0.502 0.335-0.787 0.335s-0.57-0.112-0.789-0.335c0 0-4.287-4.084-4.695-4.502s-0.436-1.17 0-1.615z"
                              />
                            </svg>
                          </div>
                        </div>
                      </div>
                    </div>
                  </div>
                </div>
              </div>
            </div>
          </div>
          <div
            class="card-content ps ps--active-y"
            style="padding: 0px 1.5rem; overflow: auto; max-height: 700px;"
          >
            <div
              class="media-list"
            >
              <div
                class="media"
                data-testid="media"
                style="margin-top: auto; margin-bottom: auto; padding-bottom: 1rem;"
              >
                <figure
                  class="media-left"
                >
                  <p
                    class="image is-64x64"
                  >
                    <img
                      alt="Profile logo preview"
                      class="is-rounded"
                      src="some lougoUrl"
                    />
                  </p>
                </figure>
                <div
                  class="media-content"
                >
                  <div
                    class="content"
                  >
                    <p
                      class="media-meta"
                    >
                      <strong>
                        testUser
                      </strong>
                       
                      <small
                        class="has-text-grey"
                      >
                        Thu, Nov 12, 2020
                      </small>
                    </p>
                    <p>
                      test@test.com
                    </p>
                  </div>
                </div>
                <div
                  class="media-right"
                >
                  <div
                    class="field is-grouped is-grouped-multiline"
                  >
                    <div
                      class="control"
                    >
                      <a
                        href="/users/userTestId"
                      >
                        <span
                          class="icon"
                        >
                          <i
                            class="mdi mdi-account-edit"
                          />
                        </span>
                      </a>
                    </div>
                    <div
                      class="control"
                    >
                      <span
                        class="icon has-text-danger"
                        data-testid="delete"
                        style="cursor: pointer;"
                      >
                        <i
                          class="mdi mdi-cancel"
                        />
                      </span>
                    </div>
                  </div>
                </div>
              </div>
            </div>
          </div>
        </div>
      </div>
    </div>
  </section>
</DocumentFragment>
`;
