// Jest Snapshot v1, https://goo.gl/fbAQLP

exports[`<ChangePassword /> rendering should render without crashing 1`] = `
<DocumentFragment>
  <div
    class="card"
  >
    <header
      class="card-header"
    >
      <p
        class="card-header-title"
      >
        <span
          class="icon"
        >
          <i
            class="fa fa-lock"
          />
        </span>
        Change Password
      </p>
    </header>
    <div
      class="card-content"
    >
      <form>
        <div
          class="field is-horizontal"
        >
          <div
            class="field-label is-normal"
          >
            <label
              class="label"
            >
              Current Password
            </label>
          </div>
          <div
            class="field-body"
          >
            <div
              class="field"
            >
              <div
                class="control"
              >
                <input
                  class="input"
                  data-testid="current"
                  name="current"
                  type="password"
                />
              </div>
            </div>
          </div>
        </div>
        <hr />
        <div
          class="field is-horizontal"
        >
          <div
            class="field-label is-normal"
          >
            <label
              class="label"
            >
              New Password
            </label>
          </div>
          <div
            class="field-body"
          >
            <div
              class="field"
            >
              <div
                class="control"
              >
                <input
                  class="input"
                  data-testid="new"
                  name="new"
                  type="password"
                />
              </div>
            </div>
          </div>
        </div>
        <div
          class="field is-horizontal"
        >
          <div
            class="field-label is-normal"
          >
            <label
              class="label"
            >
              Confirm Password
            </label>
          </div>
          <div
            class="field-body"
          >
            <div
              class="field"
            >
              <div
                class="control"
              >
                <input
                  class="input"
                  data-testid="confirmation"
                  name="confirmation"
                  type="password"
                />
              </div>
            </div>
          </div>
        </div>
        <div
          class="field is-horizontal"
        >
          <div
            class="field-label is-normal"
          />
          <div
            class="field-body"
          >
            <div
              class="field"
            >
              <div
                class="control"
              >
                <button
                  class="button is-primary undefined"
                  type="submit"
                >
                  Submit
                </button>
              </div>
            </div>
          </div>
        </div>
      </form>
    </div>
  </div>
</DocumentFragment>
`;
