// Jest Snapshot v1, https://goo.gl/fbAQLP

exports[`<PrivateRoute /> rendering should render without crashing 1`] = `
<DocumentFragment>
  <nav
    class="navbar is-fixed-top"
    id="navbar-main"
  >
    <div
      class="navbar-brand"
    >
      <a
        class="navbar-item is-hidden-desktop jb-aside-mobile-toggle"
      >
        <span
          class="icon"
        >
          <i
            class="mdi mdi-24px mdi-forwardburger"
          />
        </span>
      </a>
    </div>
    <div
      class="navbar-brand is-right"
    >
      <a
        class="navbar-item is-hidden-desktop jb-navbar-menu-toggle"
        data-target="navbar-menu"
      >
        <span
          class="icon"
        >
          <i
            class="mdi mdi-dots-vertical"
          />
        </span>
      </a>
    </div>
    <div
      class="navbar-menu fadeIn animated faster"
      id="navbar-menu"
    >
      <div
        class="navbar-end"
      >
        <div
          class="navbar-item has-dropdown has-dropdown-with-icons has-divider has-user-avatar is-hoverable"
        >
          <a
            class="navbar-link is-arrowless"
          >
            <div
              class="is-user-avatar"
            >
              <span>
                <img
                  alt="undefined flag"
                />
              </span>
            </div>
            <span
              class="icon"
            >
              <i
                class="mdi mdi-chevron-down"
              />
            </span>
          </a>
          <div
            class="navbar-dropdown"
          >
            <a
              class="navbar-item"
              id="en"
            >
              <div
                class="is-user-avatar"
              >
                <span>
                  <img
                    alt="en flag"
                    src="en.png"
                  />
                </span>
              </div>
            </a>
            <a
              class="navbar-item"
              id="es"
            >
              <div
                class="is-user-avatar"
              >
                <span>
                  <img
                    alt="es flag"
                    src="es.png"
                  />
                </span>
              </div>
            </a>
          </div>
        </div>
        <div
          class="navbar-item has-dropdown has-dropdown-with-icons has-divider has-user-avatar is-hoverable"
        >
          <a
            class="navbar-link is-arrowless"
          >
            <div
              class="is-user-avatar"
            >
              <img
                alt="User profile"
                src="user-default-log.svg"
              />
            </div>
            <div
              class="is-user-name"
            >
              <span />
            </div>
            <span
              class="icon"
            >
              <i
                class="mdi mdi-chevron-down"
              />
            </span>
          </a>
          <div
            class="navbar-dropdown"
          >
            <a
              class="navbar-item"
              href="/profile"
            >
              <span
                class="icon"
              >
                <i
                  class="mdi mdi-account"
                />
              </span>
              <span>
                Profile
              </span>
            </a>
            <hr
              class="navbar-divider"
            />
            <a
              class="navbar-item"
              id="logout"
            >
              <span
                class="icon"
              >
                <i
                  class="mdi mdi-logout"
                />
              </span>
              <span>
                Log Out
              </span>
            </a>
          </div>
        </div>
      </div>
    </div>
  </nav>
  <aside
    class="aside is-placed-left is-expanded"
  >
    <a
      class="aside-tools"
      href="/"
    >
      <div
        class="aside-tools-label"
      >
        <span>
          <b>
            React
          </b>
           Firebase
        </span>
      </div>
    </a>
    <div
      class="menu is-menu-main"
    >
      <ul
        class="menu-list"
      >
        <li>
          <a
            class="has-icon"
            href="/"
          >
            <span
              class="icon"
            >
              <i
                class="mdi mdi-home"
              />
            </span>
            <span
              class="menu-item-label"
            >
              Home
            </span>
          </a>
        </li>
        <li
          class=""
        >
          <a
            class="has-icon has-dropdown-icon"
            exact-active-class="is-active"
          >
            <span
              class="icon"
            >
              <i
                class="mdi mdi-view-list"
              />
            </span>
            <span
              class="menu-item-label"
            >
              Dropdown Menu
            </span>
            <div
              class="dropdown-icon"
            >
              <span
                class="icon"
              >
                <i
                  class="mdi mdi-plus"
                />
              </span>
            </div>
          </a>
          <ul>
            <li>
              <a
                class="submenuLink"
                href="/submenu1"
              >
                <span>
                  Submenu 1
                </span>
              </a>
            </li>
            <li>
              <a
                class="submenuLink"
                href="/submenu2"
              >
                <span>
                  Submenu 2
                </span>
              </a>
            </li>
          </ul>
        </li>
      </ul>
    </div>
  </aside>
  <div
    class="layout"
  />
  <footer
    class="footer"
  >
    <div
      class="container-fluid"
    >
      <div
        class="level level"
      >
        <div
          class="level-left"
        >
          <div
            class="level-item"
          >
            © 2020 
            <span>
                CreateThrive
            </span>
          </div>
        </div>
        <div
          class="level-right levelRight"
        >
          <div
            class="level-item"
          >
            <div
              class="logo"
            >
              <a
                href="https://createthrive.com"
              >
                <img
                  alt="CreateThrive.com"
                  src="https://createthrive.com/assets/images/Logo-CT.svg"
                />
              </a>
            </div>
          </div>
        </div>
      </div>
    </div>
  </footer>
</DocumentFragment>
`;
