// Jest Snapshot v1, https://goo.gl/fbAQLP

exports[`<ResetPassword /> rendering should render without crashing 1`] = `
<DocumentFragment>
  <section
    class="section hero is-fullheight is-error-section"
  >
    <div
      class="hero-body"
    >
      <div
        class="container"
      >
        <div
          class="columns is-centered"
        >
          <div
            class="column is-two-fifths"
          >
            <div
              class="card has-card-header-background"
            >
              <header
                class="card-header"
              >
                <p
                  class="card-header-title"
                >
                  <span
                    class="icon"
                  >
                    <i
                      class="mdi mdi-lock-open default"
                    />
                  </span>
                  <span>
                    Password Recovery
                  </span>
                </p>
              </header>
              <div
                class="card-content"
              >
                <form>
                  <div
                    class="field"
                  >
                    <p
                      class="label"
                    >
                      E-mail Address
                    </p>
                    <div
                      class="control"
                    >
                      <input
                        class="input"
                        name="email"
                      />
                    </div>
                    <p
                      class="help"
                    >
                      E-mail used for registration
                    </p>
                  </div>
                  <hr />
                  <div
                    class="field is-grouped"
                  >
                    <div
                      class="control"
                    >
                      <button
                        class="button is-black"
                        type="submit"
                      >
                        Send Reset Link
                      </button>
                    </div>
                    <div
                      class="control"
                    >
                      <a
                        class="button is-outlined"
                        href="/login"
                      >
                        Back
                      </a>
                    </div>
                  </div>
                </form>
              </div>
            </div>
          </div>
        </div>
      </div>
    </div>
  </section>
</DocumentFragment>
`;
