// Jest Snapshot v1, https://goo.gl/fbAQLP

exports[`<Layout /> rendering should render without crashing 1`] = `
<Fragment>
  <NavBar
    asideMobileActive={false}
    handleMobileToggle={[Function]}
  />
  <Aside
    handleMobileToggle={[Function]}
  />
  <div
    className="layout"
  >
    Test
  </div>
  <Footer />
</Fragment>
`;
