// Jest Snapshot v1, https://goo.gl/fbAQLP

exports[`<Submenu /> rendering should render without crashing 1`] = `
<DocumentFragment>
  <section
    class="hero is-hero-bar"
  >
    <div
      class="hero-body"
    >
      <h1
        class="title"
      >
        Submenu
      </h1>
    </div>
  </section>
  <section
    class="section is-main-section"
  >
    Submenu content
  </section>
</DocumentFragment>
`;
